// Vitest Snapshot v1, https://vitest.dev/guide/snapshot.html

exports[`index > should match snapshot 1`] = `
{
  "allowCompoundWords": false,
  "description": "Default cspell configuration.",
  "dictionaries": [
    "companies",
    "softwareTerms",
    "public-licenses",
    "filetypes",
    "w5s-filetypes",
    "w5s-fullstack",
    "w5s-names",
    "w5s-npm",
    "captive-filetypes",
    "captive-names",
  ],
  "dictionaryDefinitions": [
    {
      "addWords": false,
      "description": "Additional file types",
      "name": "captive-filetypes",
      "path": "../dict/filetypes.txt",
    },
    {
      "addWords": false,
      "description": "Known names",
      "name": "captive-names",
      "path": "../dict/names.txt",
    },
    {
      "addWords": false,
      "description": "Additional ruby words",
      "name": "captive-ruby",
      "path": "../dict/ruby.txt",
    },
    {
      "addWords": false,
      "description": "Additional french words",
      "name": "captive-fr",
      "path": "../dict/fr.txt",
    },
  ],
  "enableFiletypes": [
    "svelte",
    "julia",
  ],
  "flagWords": [],
  "id": "captive-default-js",
  "ignorePaths": [
    "**/CHANGELOG.md",
    "**/__snapshots__/**",
    "**/.vscode/**",
    "**/*.snap",
    "**/dist/**",
    "**/node_modules/**",
    "**/package.json",
    "**/package-lock.json",
    "**/renovate.json",
    "**/vscode-extension/**",
    "**/yarn.lock",
    "pnpm-lock.yaml",
    "**/*.svg",
    "**/*.webp",
    "**/*.webm",
    "**/Gemfile",
    "**/*.gemspec",
    "**/bin/**",
    "**/*.mp4",
  ],
  "ignoreWords": [],
  "language": "en,fr",
  "languageSettings": [
    {
      "dictionaries": [
        "typescript",
        "node",
        "npm",
      ],
      "languageId": "javascript,javascriptreact",
    },
    {
      "dictionaries": [
        "typescript",
        "node",
        "npm",
      ],
      "languageId": "typescript,typescriptreact,mdx",
    },
    {
      "dictionaries": [
        "html",
        "html-symbol-entities",
        "css",
        "fonts",
      ],
      "languageId": "javascriptreact,typescriptreact,mdx",
    },
    {
      "dictionaries": [
        "npm",
        "html",
        "html-symbol-entities",
      ],
      "languageId": "markdown,asciidoc",
    },
    {
      "dictionaries": [
        "html",
        "fonts",
        "typescript",
        "css",
        "npm",
        "html-symbol-entities",
      ],
      "languageId": "html,pug,jade,php,handlebars",
    },
    {
      "dictionaries": [
        "node",
        "npm",
      ],
      "languageId": "json,jsonc",
    },
    {
      "dictionaries": [
        "php",
      ],
      "languageId": "php",
    },
    {
      "dictionaries": [
        "fonts",
        "css",
      ],
      "languageId": "css,less,scss",
    },
    {
      "enabled": false,
      "languageId": "map",
    },
    {
      "enabled": false,
      "languageId": "image",
    },
    {
      "enabled": false,
      "languageId": "binary",
    },
    {
      "ignoreRegExpList": [
        "HTML-symbol-entity",
      ],
      "languageId": "markdown,html,mdx",
    },
    {
      "ignoreRegExpList": [
        "href",
      ],
      "languageId": "html",
    },
    {
      "ignoreRegExpList": [
        "MARKDOWN-link-reference",
        "MARKDOWN-link-footer",
        "MARKDOWN-link",
        "MARKDOWN-anchor",
      ],
      "languageId": "markdown",
    },
    {
      "dictionaries": [
        "w5s-typescript",
      ],
      "dictionaryDefinitions": [],
      "ignoreRegExpList": [
        "js-hex-escape",
        "js-unicode-escape",
        "js-regexp-flags",
      ],
      "includeRegExpList": [],
      "languageId": "typescript,javascript,typescriptreact,javascriptreact",
      "locale": "*",
      "patterns": [],
    },
    {
      "ignoreRegExpList": [
        "\\/\\* eslint-disable.+",
        "\\/\\/ eslint-disable.+",
      ],
      "languageId": "typescript,javascript,typescriptreact,javascriptreact",
      "locale": "*",
    },
    {
      "dictionaries": [
        "captive-ruby",
      ],
      "dictionaryDefinitions": [],
      "ignoreRegExpList": [],
      "includeRegExpList": [],
      "languageId": "ruby",
      "locale": "*",
      "patterns": [],
    },
    {
      "caseSensitive": true,
      "dictionaries": [
        "captive-fr",
      ],
      "dictionaryDefinitions": [],
      "ignoreRegExpList": [],
      "includeRegExpList": [],
      "languageId": "*",
      "locale": "fr,fr-fr",
      "patterns": [],
    },
  ],
  "maxNumberOfProblems": 10000,
  "name": "Captive default settings .js",
  "patterns": [
    {
      "description": "Matches on HTML symbols like \`&clubs;\`",
      "name": "HTML-symbol-entity",
      "pattern": /&\\[a-z\\]\\+;/g,
    },
    {
      "description": "Markdown reference link: \`[This is a link][reference]\`, matches \`[reference]\`",
      "name": "MARKDOWN-link-reference",
      "pattern": /\\(\\?<=\\\\\\]\\)\\\\\\[\\[-\\\\w\\.\`'"\\*&;#@ \\]\\+\\\\\\]/g,
    },
    {
      "description": "Markdown referenced link: \`[reference]: https://www.google.com\`, matches the entire reference.",
      "name": "MARKDOWN-link-footer",
      "pattern": /\\\\\\[\\[-\\\\w\\.\`'"\\*&;#@ \\]\\+\\\\\\]:\\( \\[\\^\\\\s\\]\\*\\)\\?/g,
    },
    {
      "description": "Markdown link: \`[link text](link)\`, matches \`link\`",
      "name": "MARKDOWN-link",
      "pattern": /\\(\\?<=\\\\\\]\\\\\\(\\)\\[\\^\\)\\\\s\\]\\+/g,
    },
    {
      "description": "Markdown Anchors: \`<a id="my_link"></a>\`, matches \`my_link\`",
      "name": "MARKDOWN-anchor",
      "pattern": /\\(\\?<=<a\\\\s\\+id="\\)\\[\\^"\\\\s\\]\\+/g,
    },
  ],
  "readonly": true,
  "useGitignore": true,
  "version": "0.2",
  "words": [],
}
`;
